// Jest Snapshot v1, https://goo.gl/fbAQLP

exports[`renders learn react link 1`] = `
<div
  className="App"
>
  <div
    className="circle-progress-wrap "
    style={
      Object {
        "height": 180,
        "width": 180,
      }
    }
  >
    <svg
      style={
        Object {
          "overflow": "visible",
          "transform": "rotate(-90deg)",
        }
      }
      viewBox="90 90 180 180"
      xmlns="http://www.w3.org/2000/svg"
    >
      <circle
        cx={180}
        cy={180}
        fill="none"
        r={82.5}
        stroke="#dddddd"
        strokeWidth={15}
      />
      <circle
        cx={180}
        cy={180}
        fill="none"
        r={82.5}
        stroke="#288feb"
        strokeDasharray={518.3627878423158}
        strokeDashoffset={233.26325452904211}
        strokeLinecap="round"
        strokeWidth={15}
      />
    </svg>
  </div>
</div>
`;
